// Jest Snapshot v1, https://goo.gl/fbAQLP

exports[`print hello world to the user 1`] = `
<div
  class="checkbox"
  data-testid="checkbox"
>
  <div
    class="border"
  >
    <div
      class="indicator "
    />
  </div>
</div>
`;
